../Core/Src/stm32f4xx_hal_msp.c:66:6:HAL_MspInit	8	static
../Core/Src/stm32f4xx_hal_msp.c:88:6:HAL_SPI_MspInit	56	static
../Core/Src/stm32f4xx_hal_msp.c:146:6:HAL_SPI_MspDeInit	8	static
../Core/Src/stm32f4xx_hal_msp.c:177:6:HAL_TIM_PWM_MspInit	8	static
../Core/Src/stm32f4xx_hal_msp.c:199:6:HAL_TIM_OC_MspInit	8	static
../Core/Src/stm32f4xx_hal_msp.c:215:6:HAL_TIM_MspPostInit	40	static
../Core/Src/stm32f4xx_hal_msp.c:267:6:HAL_TIM_PWM_MspDeInit	0	static
../Core/Src/stm32f4xx_hal_msp.c:289:6:HAL_TIM_OC_MspDeInit	0	static
