../Core/Src/main.c:65:6:AD7606_OS_SET	8	static
../Core/Src/main.c:73:6:AD7606_RST	8	static
../Core/Src/main.c:82:6:AD7606_Delay	24	static,ignoring_inline_asm
../Core/Src/main.c:91:6:AD7606_StartReadBytes	24	static
../Core/Src/main.c:100:6:AD7606_ConvertToVoltage	40	static
../Core/Src/main.c:111:6:AD7606_CO_START	8	static
../Core/Src/main.c:122:6:AD7606_CO_STOP	4	static
../Core/Src/main.c:138:5:main	8	static
../Core/Src/main.c:192:6:SystemClock_Config	88	static
../Core/Src/main.c:239:13:MX_SPI1_Init	8	static
../Core/Src/main.c:277:13:MX_USB_OTG_FS_PCD_Init	8	static
../Core/Src/main.c:310:13:MX_DMA_Init	16	static
../Core/Src/main.c:328:13:MX_GPIO_Init	48	static
../Core/Src/main.c:397:6:Error_Handler	4	static,ignoring_inline_asm
