../Core/Src/main.c:78:6:ad7606_os_set	24	static
../Core/Src/main.c:109:6:ad7606_rst_set	8	static
../Core/Src/main.c:125:6:ad7606_init	8	static
../Core/Src/main.c:149:6:ad7606_convst_set	8	static
../Core/Src/main.c:160:6:ad7606_receive	8	static
../Core/Src/main.c:172:5:main	8	static
../Core/Src/main.c:236:6:SystemClock_Config	88	static
../Core/Src/main.c:283:13:MX_SPI1_Init	8	static
../Core/Src/main.c:321:13:MX_SPI2_Init	8	static
../Core/Src/main.c:358:13:MX_TIM2_Init	48	static
../Core/Src/main.c:407:13:MX_TIM5_Init	48	static
../Core/Src/main.c:456:13:MX_USB_OTG_FS_PCD_Init	8	static
../Core/Src/main.c:489:13:MX_DMA_Init	16	static
../Core/Src/main.c:511:13:MX_GPIO_Init	48	static
../Core/Src/main.c:572:6:Error_Handler	4	static,ignoring_inline_asm
