../Core/Src/main.c:72:6:ad7606_os_set	24	static
../Core/Src/main.c:103:6:ad7606_rst_set	8	static
../Core/Src/main.c:119:6:ad7606_init	8	static
../Core/Src/main.c:144:6:ad7606_convst_set	8	static
../Core/Src/main.c:162:6:ad7606_receive	8	static
../Core/Src/main.c:174:5:main	8	static
../Core/Src/main.c:253:6:SystemClock_Config	88	static
../Core/Src/main.c:307:13:MX_SPI1_Init	8	static
../Core/Src/main.c:345:13:MX_TIM2_Init	48	static
../Core/Src/main.c:392:13:MX_DMA_Init	16	static
../Core/Src/main.c:410:13:MX_GPIO_Init	40	static
../Core/Src/main.c:478:6:Error_Handler	4	static,ignoring_inline_asm
