../Core/Src/main.c:82:6:AD7606_OS_SET	8	static
../Core/Src/main.c:99:6:AD7606_Delay	0	static,ignoring_inline_asm
../Core/Src/main.c:90:6:AD7606_RST	8	static
../Core/Src/main.c:108:6:AD7606_StartReadBytes	24	static
../Core/Src/main.c:116:6:AD7606_ConvertToVoltage	48	static
../Core/Src/main.c:127:6:AD7606_CO_START	0	static
../Core/Src/main.c:132:6:AD7606_CO_STOP	0	static
../Core/Src/main.c:235:6:SystemClock_Config	88	static,ignoring_inline_asm
../Core/Src/main.c:163:5:main	80	static,ignoring_inline_asm
../Core/Src/main.c:480:6:Error_Handler	0	static,ignoring_inline_asm
