../Core/Src/main.c:75:6:AD7606_OS_SET	8	static
../Core/Src/main.c:92:6:AD7606_Delay	0	static,ignoring_inline_asm
../Core/Src/main.c:83:6:AD7606_RST	8	static
../Core/Src/main.c:101:6:AD7606_StartReadBytes	24	static
../Core/Src/main.c:109:6:AD7606_ConvertToVoltage	48	static
../Core/Src/main.c:120:6:AD7606_CO_START	0	static
../Core/Src/main.c:125:6:AD7606_CO_STOP	0	static
../Core/Src/main.c:216:6:SystemClock_Config	88	static,ignoring_inline_asm
../Core/Src/main.c:156:5:main	80	static,ignoring_inline_asm
../Core/Src/main.c:463:6:Error_Handler	0	static,ignoring_inline_asm
