../Core/Src/main.c:70:6:AD7606_RST	8	static
../Core/Src/main.c:79:6:AD7606_StartReadBytes	24	static
../Core/Src/main.c:92:6:AD7606_ConvertToVoltage	32	static
../Core/Src/main.c:105:6:AD7606_CVST_START	8	static
../Core/Src/main.c:111:6:AD7606_CVST_STOP	8	static
../Core/Src/main.c:117:6:LED_Toggle	8	static
../Core/Src/main.c:132:5:main	8	static
../Core/Src/main.c:189:6:SystemClock_Config	88	static
../Core/Src/main.c:235:13:MX_SPI1_Init	8	static
../Core/Src/main.c:273:13:MX_TIM2_Init	64	static
../Core/Src/main.c:330:13:MX_DMA_Init	16	static
../Core/Src/main.c:348:13:MX_GPIO_Init	48	static
../Core/Src/main.c:405:6:Error_Handler	4	static,ignoring_inline_asm
